// Jest Snapshot v1, https://goo.gl/fbAQLP

exports[`<Logo /> should render in dark mode 1`] = `
.c0 {
  display: flex;
  align-items: center;
  text-decoration: none;
  font-family: 'Montserrat',sans-serif;
  font-size: 4.0rem;
  color: inherit;
}

.c0 >img {
  max-height: 3rem;
}

<a
  class="c0"
  href="/logo"
>
  <img
    alt="logo"
    data-nimg="1"
    decoding="async"
    height="160"
    loading="lazy"
    src="static/media/public/assets/images/logo.svg"
    style="color: transparent;"
    width="160"
  />
</a>
`;
